CALLED get_meta local-ipv4s
CALLED get_ipv6s
CALLED ip -6 route show table 10002
CALLED ip -6 route add default via fe80::4:3:2:1 dev eth2 table 10002
CALLED logger --tag ec2net [rewrite_rules] Rewriting rules for eth2
CALLED ip -4 rule list
CALLED ip -4 rule add from 192.168.10.21 lookup 10002
CALLED ip -4 rule add from 192.168.10.22 lookup 10002
CALLED ip -6 rule list
CALLED ip -6 rule add from fd01:ffff:eeee:5:4:3:2:1 lookup 10002
CALLED ip -6 rule add from fd01:ffff:eeee:5:4:3:2:2 lookup 10002
CALLED get_meta local-ipv4s
CALLED logger --tag ec2net [rewrite_aliases] Rewriting aliases of eth2
CALLED get_meta subnet-ipv4-cidr-block
CALLED ip -4 addr list dev eth2 secondary
CALLED ip -4 addr add 192.168.10.22/24 brd + dev eth2
