CALLED logger --tag ec2net [plug_interface] eth2 plugged
CALLED logger --tag ec2net [rewrite_primary] Rewriting configs for eth2
CALLED get_meta subnet-ipv4-cidr-block
CALLED get_meta local-ipv4s
CALLED logger --tag ec2net [rewrite_primary] adding default route to main table for eth2
CALLED rm -f ./test-output/etc/sysconfig/network-scripts/route6-eth2
CALLED logger --tag ec2net [activate_primary] Activating eth2
CALLED ifup eth2
